=== RUN   TestConsolidateSplitsASingleLineImportIntoAValidSecondDeclaration
--- PASS: TestConsolidateSplitsASingleLineImportIntoAValidSecondDeclaration (0.05s)
=== RUN   TestConsolidateProjectRewritesImportsGoModAndManifest
--- PASS: TestConsolidateProjectRewritesImportsGoModAndManifest (0.07s)
=== RUN   TestConsolidateProjectDryRunWritesNothing
--- PASS: TestConsolidateProjectDryRunWritesNothing (0.04s)
=== RUN   TestConsolidateProjectRefusesUnmappedRemovedImports
--- PASS: TestConsolidateProjectRefusesUnmappedRemovedImports (0.02s)
=== RUN   TestConsolidationMapMatchesTheGeneratorFloor
--- PASS: TestConsolidationMapMatchesTheGeneratorFloor (0.01s)
=== RUN   TestDemoEmbedCoversEveryFile
--- PASS: TestDemoEmbedCoversEveryFile (0.03s)
=== RUN   TestDemoTemplateStepsAndShippedFilesAgree
--- PASS: TestDemoTemplateStepsAndShippedFilesAgree (0.00s)
=== RUN   TestDemoTemplateKeepsTheGameTemplateAndItsFeatures
--- PASS: TestDemoTemplateKeepsTheGameTemplateAndItsFeatures (0.00s)
=== RUN   TestDemoTemplateGeneratesABuildableWritePath
=== PAUSE TestDemoTemplateGeneratesABuildableWritePath
=== RUN   TestDemoTemplateFollowsTheGameServiceName
=== PAUSE TestDemoTemplateFollowsTheGameServiceName
=== RUN   TestFrameworkDependencyConsolidationCommitsOnlyPlannedMigration
--- PASS: TestFrameworkDependencyConsolidationCommitsOnlyPlannedMigration (0.15s)
=== RUN   TestFrameworkDependencyConsolidationFailurePreservesInputs
=== RUN   TestFrameworkDependencyConsolidationFailurePreservesInputs/get
=== RUN   TestFrameworkDependencyConsolidationFailurePreservesInputs/tidy
=== RUN   TestFrameworkDependencyConsolidationFailurePreservesInputs/consolidate
--- PASS: TestFrameworkDependencyConsolidationFailurePreservesInputs (0.31s)
    --- PASS: TestFrameworkDependencyConsolidationFailurePreservesInputs/get (0.11s)
    --- PASS: TestFrameworkDependencyConsolidationFailurePreservesInputs/tidy (0.11s)
    --- PASS: TestFrameworkDependencyConsolidationFailurePreservesInputs/consolidate (0.09s)
=== RUN   TestFrameworkDependencyConsolidationRejectsConcurrentInputChanges
=== RUN   TestFrameworkDependencyConsolidationRejectsConcurrentInputChanges/business.go
=== RUN   TestFrameworkDependencyConsolidationRejectsConcurrentInputChanges/roost.yaml
--- PASS: TestFrameworkDependencyConsolidationRejectsConcurrentInputChanges (0.23s)
    --- PASS: TestFrameworkDependencyConsolidationRejectsConcurrentInputChanges/business.go (0.12s)
    --- PASS: TestFrameworkDependencyConsolidationRejectsConcurrentInputChanges/roost.yaml (0.11s)
=== RUN   TestFrameworkDependencyUpdateStagesAndCommitsOnlyModuleFiles
--- PASS: TestFrameworkDependencyUpdateStagesAndCommitsOnlyModuleFiles (0.11s)
=== RUN   TestUpdateFrameworkDependenciesResolvesAllDirectModulesTogether
--- PASS: TestUpdateFrameworkDependenciesResolvesAllDirectModulesTogether (0.01s)
=== RUN   TestUpdateFrameworkDependenciesUsesExplicitPolicies
--- PASS: TestUpdateFrameworkDependenciesUsesExplicitPolicies (0.01s)
=== RUN   TestUpdateFrameworkDependenciesRollsBackModuleFiles
--- PASS: TestUpdateFrameworkDependenciesRollsBackModuleFiles (0.03s)
=== RUN   TestConsolidationMapSyncBusLegacyPaths
--- PASS: TestConsolidationMapSyncBusLegacyPaths (0.02s)
=== RUN   TestConsolidationKeepsTheFilesNameForARenamedKitPackage
=== RUN   TestConsolidationKeepsTheFilesNameForARenamedKitPackage/oldkit-kitonly-unaliased
=== RUN   TestConsolidationKeepsTheFilesNameForARenamedKitPackage/oldkit-mixed-unaliased
=== RUN   TestConsolidationKeepsTheFilesNameForARenamedKitPackage/corekitroom-unaliased
--- PASS: TestConsolidationKeepsTheFilesNameForARenamedKitPackage (0.13s)
    --- PASS: TestConsolidationKeepsTheFilesNameForARenamedKitPackage/oldkit-kitonly-unaliased (0.04s)
    --- PASS: TestConsolidationKeepsTheFilesNameForARenamedKitPackage/oldkit-mixed-unaliased (0.05s)
    --- PASS: TestConsolidationKeepsTheFilesNameForARenamedKitPackage/corekitroom-unaliased (0.05s)
=== RUN   TestConsolidationReportsRemovedSymbolsInsteadOfSucceeding
--- PASS: TestConsolidationReportsRemovedSymbolsInsteadOfSucceeding (0.05s)
=== RUN   TestConsolidationRemovedSymbolsAreReallyGone
--- PASS: TestConsolidationRemovedSymbolsAreReallyGone (0.11s)
=== CONT  TestDemoTemplateGeneratesABuildableWritePath
=== CONT  TestDemoTemplateFollowsTheGameServiceName
--- PASS: TestDemoTemplateFollowsTheGameServiceName (24.11s)
--- PASS: TestDemoTemplateGeneratesABuildableWritePath (27.20s)
PASS
ok  	github.com/tjbdwanghaibo/roost-core/codegen/internal/roost	30.996s
