?   	github.com/tjbdwanghaibo/roost-core/codegen/cmd/attribute	[no test files]
?   	github.com/tjbdwanghaibo/roost-core/codegen/cmd/cfggen	[no test files]
?   	github.com/tjbdwanghaibo/roost-core/codegen/cmd/dao	[no test files]
?   	github.com/tjbdwanghaibo/roost-core/codegen/cmd/entity	[no test files]
?   	github.com/tjbdwanghaibo/roost-core/codegen/cmd/errcode	[no test files]
?   	github.com/tjbdwanghaibo/roost-core/codegen/cmd/eventgen	[no test files]
?   	github.com/tjbdwanghaibo/roost-core/codegen/cmd/nest	[no test files]
?   	github.com/tjbdwanghaibo/roost-core/codegen/cmd/project	[no test files]
?   	github.com/tjbdwanghaibo/roost-core/codegen/cmd/protocol	[no test files]
?   	github.com/tjbdwanghaibo/roost-core/codegen/cmd/roost	[no test files]
?   	github.com/tjbdwanghaibo/roost-core/codegen/cmd/servicerpc	[no test files]
?   	github.com/tjbdwanghaibo/roost-core/codegen/cmd/tablegen	[no test files]
?   	github.com/tjbdwanghaibo/roost-core/codegen/cmd/webroute	[no test files]
ok  	github.com/tjbdwanghaibo/roost-core/codegen/internal/attribute	2.738s
ok  	github.com/tjbdwanghaibo/roost-core/codegen/internal/cfggen	15.674s
ok  	github.com/tjbdwanghaibo/roost-core/codegen/internal/dao	6.839s
ok  	github.com/tjbdwanghaibo/roost-core/codegen/internal/entity	6.199s
ok  	github.com/tjbdwanghaibo/roost-core/codegen/internal/errcode	2.081s
ok  	github.com/tjbdwanghaibo/roost-core/codegen/internal/eventgen	4.401s
?   	github.com/tjbdwanghaibo/roost-core/codegen/internal/genutil	[no test files]
ok  	github.com/tjbdwanghaibo/roost-core/codegen/internal/marker	2.794s
ok  	github.com/tjbdwanghaibo/roost-core/codegen/internal/nest	5.486s
ok  	github.com/tjbdwanghaibo/roost-core/codegen/internal/project	2.869s
ok  	github.com/tjbdwanghaibo/roost-core/codegen/internal/protocol	4.997s
ok  	github.com/tjbdwanghaibo/roost-core/codegen/internal/registry	3.952s
ok  	github.com/tjbdwanghaibo/roost-core/codegen/internal/roost	170.050s
?   	github.com/tjbdwanghaibo/roost-core/codegen/internal/roost/cmd/attributeruntime	[no test files]
ok  	github.com/tjbdwanghaibo/roost-core/codegen/internal/servicerpc	5.665s
ok  	github.com/tjbdwanghaibo/roost-core/codegen/internal/tablegen	2.591s
ok  	github.com/tjbdwanghaibo/roost-core/codegen/internal/webroute	2.317s
