framework dependencies: staging import consolidation before resolving modules
consolidate: rewrote 1 Go file(s), go.mod, roost.yaml
  business.go
go: downloading github.com/nats-io/nats.go v1.53.1
go: downloading go.etcd.io/etcd/api/v3 v3.7.1
go: downloading go.etcd.io/etcd/client/v3 v3.7.1
go: downloading google.golang.org/protobuf v1.36.11
go: downloading github.com/youmark/pkcs8 v0.0.0-20240726163527-a2c0da244d78
go: downloading go.uber.org/zap v1.27.1
go: downloading go.etcd.io/etcd/client/pkg/v3 v3.7.1
go: downloading github.com/coreos/go-semver v0.3.1
go: downloading github.com/golang/protobuf v1.5.4
go: downloading google.golang.org/grpc v1.83.2
go: downloading github.com/grpc-ecosystem/grpc-gateway/v2 v2.29.0
go: downloading google.golang.org/genproto/googleapis/api v0.0.0-20260526163538-3dc84a4a5aaa
go: downloading github.com/klauspost/compress v1.18.5
go: downloading github.com/xdg-go/scram v1.2.0
go: downloading github.com/xdg-go/stringprep v1.0.4
go: downloading github.com/coreos/go-systemd/v22 v22.7.0
go: downloading github.com/nats-io/nkeys v0.4.15
go: downloading github.com/nats-io/nuid v1.0.1
go: downloading go.uber.org/multierr v1.11.0
go: downloading google.golang.org/genproto/googleapis/rpc v0.0.0-20260526163538-3dc84a4a5aaa
go: downloading golang.org/x/sync v0.22.0
go: downloading github.com/xdg-go/pbkdf2 v1.0.0
go: downloading github.com/stretchr/testify v1.12.1
go: downloading github.com/google/go-cmp v0.7.0
go: downloading github.com/bsm/ginkgo/v2 v2.12.0
go: downloading github.com/davecgh/go-spew v1.1.2-0.20180830191138-d8f796af33cc
go: downloading github.com/bsm/gomega v1.27.10
go: downloading github.com/quic-go/go-ossfuzz-seeds v0.1.0
go: downloading go.uber.org/mock v0.5.2
go: downloading github.com/xtaci/lossyconn v0.0.0-20190602105132-8df528c0c9ae
go: downloading github.com/zeebo/xxh3 v1.1.0
go: downloading go.uber.org/goleak v1.3.0
go: downloading go.opentelemetry.io/otel v1.44.0
go: downloading go.opentelemetry.io/otel/sdk/metric v1.44.0
go: downloading go.opentelemetry.io/otel/metric v1.44.0
go: downloading go.opentelemetry.io/otel/trace v1.44.0
go: downloading gonum.org/v1/gonum v0.17.0
go: downloading github.com/rogpeppe/go-internal v1.14.1
go: downloading go.opentelemetry.io/otel/sdk v1.44.0
go: downloading github.com/go-logr/logr v1.4.3
go: downloading github.com/go-logr/stdr v1.2.2
go: downloading go.opentelemetry.io/auto/sdk v1.2.1
go: downloading github.com/google/uuid v1.6.0
