created: .gitattributes
created: .github/actionlint.yaml
created: .github/dependabot.yml
created: .github/workflows/ci.yml
created: .github/workflows/dependency-update.yml
created: .github/workflows/deploy-docker.yml
created: .github/workflows/deploy-k8s.yml
created: .github/workflows/deploy-shell.yml
created: .github/workflows/release.yml
created: .github/workflows/security.yml
created: .gitignore
created: Dockerfile
created: Makefile
created: README.md
created: cmd/healthprobe/main.go
created: configs/data/_manifest.json
created: configs/generated/doc.go
created: configs/schema/doc.go
created: configs/service/config.game.prod.example.yaml
created: configs/service/config.game.yaml
created: db/def/doc.go
created: db/doc.go
created: deploy/dev/docker-compose.yaml
created: deploy/dev/run.sh
created: deploy/dev/second-game.sh
created: deploy/docker/README.md
created: deploy/docker/compose_check_test.go
created: deploy/docker/deploy.sh
created: deploy/docker/docker-compose.prod.yaml
created: deploy/docker/env.example
created: deploy/docker/rollback.sh
created: deploy/k8s/README.md
created: deploy/k8s/base/game-pdb.yaml
created: deploy/k8s/base/game.yaml
created: deploy/k8s/base/kustomization.yaml
created: deploy/k8s/base/namespace.yaml
created: deploy/k8s/base/network-policy.yaml
created: deploy/k8s/base/secret.game.example.yaml
created: deploy/k8s/base/service-account.yaml
created: deploy/k8s/deploy.sh
created: deploy/k8s/overlays/production/kustomization.yaml
created: deploy/k8s/overlays/staging/kustomization.yaml
created: deploy/shell/README.md
created: deploy/shell/build.sh
created: deploy/shell/healthcheck.sh
created: deploy/shell/install.sh
created: deploy/shell/rollback.sh
created: docs/BEGINNER_WORKBOOK.zh-CN.md
created: docs/DEPLOYMENT.zh-CN.md
created: docs/ENTITY_COMPONENT.zh-CN.md
created: docs/ENTITY_LIFECYCLE.zh-CN.md
created: docs/FIRST_BUSINESS.zh-CN.md
created: docs/IMPLEMENTATION.zh-CN.md
created: docs/PLAYER_ACCESS_TCP.zh-CN.md
created: docs/PROTOCOL_TO_NEST.zh-CN.md
created: docs/QUICKSTART.zh-CN.md
created: docs/ROOST_YAML.zh-CN.md
created: docs/SKILL.zh-CN.md
created: docs/TROUBLESHOOTING.zh-CN.md
created: docs/USAGE.zh-CN.md
created: event/def/doc.go
created: event/doc.go
created: game/entities/doc.go
created: game/handler/doc.go
created: go.mod
created: go.sum
created: internal/bootstrap/generated.go
created: internal/frameworkdeps/generated.go
created: internal/service/game/managers.go
created: internal/service/game/service.go
created: main.go
created: protocol/def/doc.go
summary: created=72 updated=0 removed=0 unchanged=0
project files ready: D:\whb_s\.tmp\bugfix-codegen-20260930-12-14\deps-consumer-final
new: --skip-deps, framework dependencies not resolved
project ready: D:\whb_s\.tmp\bugfix-codegen-20260930-12-14\deps-consumer-final
