?   	github.com/tjbdwanghaibo/roost-core/codegen/cmd/attribute	[no test files]
?   	github.com/tjbdwanghaibo/roost-core/codegen/cmd/cfggen	[no test files]
?   	github.com/tjbdwanghaibo/roost-core/codegen/cmd/dao	[no test files]
?   	github.com/tjbdwanghaibo/roost-core/codegen/cmd/entity	[no test files]
?   	github.com/tjbdwanghaibo/roost-core/codegen/cmd/errcode	[no test files]
?   	github.com/tjbdwanghaibo/roost-core/codegen/cmd/eventgen	[no test files]
?   	github.com/tjbdwanghaibo/roost-core/codegen/cmd/nest	[no test files]
?   	github.com/tjbdwanghaibo/roost-core/codegen/cmd/project	[no test files]
?   	github.com/tjbdwanghaibo/roost-core/codegen/cmd/protocol	[no test files]
?   	github.com/tjbdwanghaibo/roost-core/codegen/cmd/roost	[no test files]
?   	github.com/tjbdwanghaibo/roost-core/codegen/cmd/servicerpc	[no test files]
?   	github.com/tjbdwanghaibo/roost-core/codegen/cmd/tablegen	[no test files]
?   	github.com/tjbdwanghaibo/roost-core/codegen/cmd/webroute	[no test files]
ok  	github.com/tjbdwanghaibo/roost-core/codegen/internal/attribute	3.317s
ok  	github.com/tjbdwanghaibo/roost-core/codegen/internal/cfggen	14.589s
ok  	github.com/tjbdwanghaibo/roost-core/codegen/internal/dao	5.344s
ok  	github.com/tjbdwanghaibo/roost-core/codegen/internal/entity	4.551s
ok  	github.com/tjbdwanghaibo/roost-core/codegen/internal/errcode	2.017s
ok  	github.com/tjbdwanghaibo/roost-core/codegen/internal/eventgen	2.738s
?   	github.com/tjbdwanghaibo/roost-core/codegen/internal/genutil	[no test files]
ok  	github.com/tjbdwanghaibo/roost-core/codegen/internal/marker	1.848s
ok  	github.com/tjbdwanghaibo/roost-core/codegen/internal/nest	4.048s
ok  	github.com/tjbdwanghaibo/roost-core/codegen/internal/project	1.971s
ok  	github.com/tjbdwanghaibo/roost-core/codegen/internal/protocol	3.676s
ok  	github.com/tjbdwanghaibo/roost-core/codegen/internal/registry	3.275s
ok  	github.com/tjbdwanghaibo/roost-core/codegen/internal/roost	171.531s
?   	github.com/tjbdwanghaibo/roost-core/codegen/internal/roost/cmd/attributeruntime	[no test files]
ok  	github.com/tjbdwanghaibo/roost-core/codegen/internal/servicerpc	4.862s
ok  	github.com/tjbdwanghaibo/roost-core/codegen/internal/tablegen	2.100s
ok  	github.com/tjbdwanghaibo/roost-core/codegen/internal/webroute	1.856s
