=== RUN   TestCfggenDisabledIndexesCompile
=== RUN   TestCfggenDisabledIndexesCompile/no_indexes
=== RUN   TestCfggenDisabledIndexesCompile/string_enabled_numeric_disabled
    consumer_promises_test.go:34: generated consumer does not compile: exit status 1
        # example.com/cfggenconsumer
        .\cfg_gen.go:9:2: "strconv" imported and not used
        FAIL	example.com/cfggenconsumer [build failed]
        FAIL
=== RUN   TestCfggenDisabledIndexesCompile/mixed_enabled_disabled
=== RUN   TestCfggenDisabledIndexesCompile/all_disabled
    consumer_promises_test.go:34: generated consumer does not compile: exit status 1
        # example.com/cfggenconsumer
        .\cfg_gen.go:9:2: "strconv" imported and not used
        FAIL	example.com/cfggenconsumer [build failed]
        FAIL
--- FAIL: TestCfggenDisabledIndexesCompile (4.21s)
    --- PASS: TestCfggenDisabledIndexesCompile/no_indexes (1.23s)
    --- FAIL: TestCfggenDisabledIndexesCompile/string_enabled_numeric_disabled (0.93s)
    --- PASS: TestCfggenDisabledIndexesCompile/mixed_enabled_disabled (1.10s)
    --- FAIL: TestCfggenDisabledIndexesCompile/all_disabled (0.95s)
FAIL
FAIL	github.com/tjbdwanghaibo/roost-core/codegen/internal/cfggen	4.629s
FAIL
