=== RUN   TestFrameworkDependencyConsolidationCommitsOnlyPlannedMigration
    dependencies_consolidation_promises_test.go:65: D:\whb_s\.tmp\review-codegen-20260930\go-tmp\TestFrameworkDependencyConsolidationCommitsOnlyPlannedMigration243633678\001\business.go = "package planet\nimport \"github.com/tjbdwanghaibo/roost-kit/mods\"\nvar _ = mods.ModBus\n", want "package planet\n\nimport \"github.com/tjbdwanghaibo/roost-core/kit/mods\"\n\nvar _ = mods.ModBus\n"
--- FAIL: TestFrameworkDependencyConsolidationCommitsOnlyPlannedMigration (0.07s)
=== RUN   TestFrameworkDependencyConsolidationFailurePreservesInputs
=== RUN   TestFrameworkDependencyConsolidationFailurePreservesInputs/get
=== RUN   TestFrameworkDependencyConsolidationFailurePreservesInputs/tidy
=== RUN   TestFrameworkDependencyConsolidationFailurePreservesInputs/consolidate
--- PASS: TestFrameworkDependencyConsolidationFailurePreservesInputs (0.17s)
    --- PASS: TestFrameworkDependencyConsolidationFailurePreservesInputs/get (0.06s)
    --- PASS: TestFrameworkDependencyConsolidationFailurePreservesInputs/tidy (0.06s)
    --- PASS: TestFrameworkDependencyConsolidationFailurePreservesInputs/consolidate (0.05s)
=== RUN   TestFrameworkDependencyConsolidationRejectsConcurrentInputChanges
=== RUN   TestFrameworkDependencyConsolidationRejectsConcurrentInputChanges/business.go
=== RUN   TestFrameworkDependencyConsolidationRejectsConcurrentInputChanges/roost.yaml
--- PASS: TestFrameworkDependencyConsolidationRejectsConcurrentInputChanges (0.12s)
    --- PASS: TestFrameworkDependencyConsolidationRejectsConcurrentInputChanges/business.go (0.07s)
    --- PASS: TestFrameworkDependencyConsolidationRejectsConcurrentInputChanges/roost.yaml (0.06s)
FAIL
FAIL	github.com/tjbdwanghaibo/roost-core/codegen/internal/roost	0.578s
FAIL
