=== RUN   TestConsolidateSplitsASingleLineImportIntoAValidSecondDeclaration
--- PASS: TestConsolidateSplitsASingleLineImportIntoAValidSecondDeclaration (0.04s)
=== RUN   TestConsolidateProjectRewritesImportsGoModAndManifest
--- PASS: TestConsolidateProjectRewritesImportsGoModAndManifest (0.07s)
=== RUN   TestConsolidateProjectDryRunWritesNothing
--- PASS: TestConsolidateProjectDryRunWritesNothing (0.02s)
=== RUN   TestConsolidateProjectRefusesUnmappedRemovedImports
--- PASS: TestConsolidateProjectRefusesUnmappedRemovedImports (0.02s)
=== RUN   TestConsolidationMapMatchesTheGeneratorFloor
--- PASS: TestConsolidationMapMatchesTheGeneratorFloor (0.02s)
=== RUN   TestFrameworkDependencyConsolidationCommitsOnlyPlannedMigration
--- PASS: TestFrameworkDependencyConsolidationCommitsOnlyPlannedMigration (0.14s)
=== RUN   TestFrameworkDependencyConsolidationFailurePreservesInputs
=== RUN   TestFrameworkDependencyConsolidationFailurePreservesInputs/get
=== RUN   TestFrameworkDependencyConsolidationFailurePreservesInputs/tidy
=== RUN   TestFrameworkDependencyConsolidationFailurePreservesInputs/consolidate
--- PASS: TestFrameworkDependencyConsolidationFailurePreservesInputs (0.28s)
    --- PASS: TestFrameworkDependencyConsolidationFailurePreservesInputs/get (0.09s)
    --- PASS: TestFrameworkDependencyConsolidationFailurePreservesInputs/tidy (0.10s)
    --- PASS: TestFrameworkDependencyConsolidationFailurePreservesInputs/consolidate (0.09s)
=== RUN   TestFrameworkDependencyConsolidationRejectsConcurrentInputChanges
=== RUN   TestFrameworkDependencyConsolidationRejectsConcurrentInputChanges/business.go
=== RUN   TestFrameworkDependencyConsolidationRejectsConcurrentInputChanges/roost.yaml
--- PASS: TestFrameworkDependencyConsolidationRejectsConcurrentInputChanges (0.21s)
    --- PASS: TestFrameworkDependencyConsolidationRejectsConcurrentInputChanges/business.go (0.11s)
    --- PASS: TestFrameworkDependencyConsolidationRejectsConcurrentInputChanges/roost.yaml (0.10s)
=== RUN   TestFrameworkDependencyUpdateStagesAndCommitsOnlyModuleFiles
--- PASS: TestFrameworkDependencyUpdateStagesAndCommitsOnlyModuleFiles (0.09s)
=== RUN   TestUpdateFrameworkDependenciesResolvesAllDirectModulesTogether
--- PASS: TestUpdateFrameworkDependenciesResolvesAllDirectModulesTogether (0.01s)
=== RUN   TestUpdateFrameworkDependenciesUsesExplicitPolicies
--- PASS: TestUpdateFrameworkDependenciesUsesExplicitPolicies (0.01s)
=== RUN   TestUpdateFrameworkDependenciesRollsBackModuleFiles
--- PASS: TestUpdateFrameworkDependenciesRollsBackModuleFiles (0.02s)
=== RUN   TestTidyProjectDependenciesDoesNotUpgradeFramework
--- PASS: TestTidyProjectDependenciesDoesNotUpgradeFramework (0.01s)
=== RUN   TestTidyProjectDependenciesRollsBackModuleFiles
--- PASS: TestTidyProjectDependenciesRollsBackModuleFiles (0.02s)
=== RUN   TestConsolidationMapSyncBusLegacyPaths
--- PASS: TestConsolidationMapSyncBusLegacyPaths (0.03s)
=== RUN   TestConsolidationKeepsTheFilesNameForARenamedKitPackage
=== RUN   TestConsolidationKeepsTheFilesNameForARenamedKitPackage/oldkit-mixed-unaliased
=== RUN   TestConsolidationKeepsTheFilesNameForARenamedKitPackage/corekitroom-unaliased
=== RUN   TestConsolidationKeepsTheFilesNameForARenamedKitPackage/oldkit-kitonly-unaliased
--- PASS: TestConsolidationKeepsTheFilesNameForARenamedKitPackage (0.12s)
    --- PASS: TestConsolidationKeepsTheFilesNameForARenamedKitPackage/oldkit-mixed-unaliased (0.04s)
    --- PASS: TestConsolidationKeepsTheFilesNameForARenamedKitPackage/corekitroom-unaliased (0.04s)
    --- PASS: TestConsolidationKeepsTheFilesNameForARenamedKitPackage/oldkit-kitonly-unaliased (0.04s)
=== RUN   TestConsolidationReportsRemovedSymbolsInsteadOfSucceeding
--- PASS: TestConsolidationReportsRemovedSymbolsInsteadOfSucceeding (0.07s)
=== RUN   TestConsolidationRemovedSymbolsAreReallyGone
--- PASS: TestConsolidationRemovedSymbolsAreReallyGone (0.14s)
PASS
ok  	github.com/tjbdwanghaibo/roost-core/codegen/internal/roost	3.794s
