=== RUN   TestNoncoreSingleModValidation
=== RUN   TestNoncoreSingleModValidation/empty
    noncore_review_test.go:30: mods=0 error=<nil>
=== RUN   TestNoncoreSingleModValidation/valid_single
    noncore_review_test.go:30: mods=1 error=<nil>
=== RUN   TestNoncoreSingleModValidation/single_nil
    noncore_review_test.go:30: mods=1 error=<nil>
    noncore_review_test.go:32: error=<nil>, wantError=true
=== RUN   TestNoncoreSingleModValidation/single_unnamed
    noncore_review_test.go:30: mods=1 error=<nil>
    noncore_review_test.go:32: error=<nil>, wantError=true
=== RUN   TestNoncoreSingleModValidation/single_missing_hard
    noncore_review_test.go:30: mods=1 error=<nil>
    noncore_review_test.go:32: error=<nil>, wantError=true
=== RUN   TestNoncoreSingleModValidation/single_hard_self_cycle
    noncore_review_test.go:30: mods=1 error=<nil>
    noncore_review_test.go:32: error=<nil>, wantError=true
=== RUN   TestNoncoreSingleModValidation/single_optional_self_cycle
    noncore_review_test.go:30: mods=1 error=<nil>
    noncore_review_test.go:32: error=<nil>, wantError=true
=== RUN   TestNoncoreSingleModValidation/missing_optional_allowed
    noncore_review_test.go:30: mods=1 error=<nil>
=== RUN   TestNoncoreSingleModValidation/external_hard_allowed
    noncore_review_test.go:30: mods=1 error=<nil>
=== RUN   TestNoncoreSingleModValidation/pair_missing_hard_rejected
    noncore_review_test.go:30: mods=2 error=mod a depends on missing: unknown mod dependency "missing"
--- FAIL: TestNoncoreSingleModValidation (0.00s)
    --- PASS: TestNoncoreSingleModValidation/empty (0.00s)
    --- PASS: TestNoncoreSingleModValidation/valid_single (0.00s)
    --- FAIL: TestNoncoreSingleModValidation/single_nil (0.00s)
    --- FAIL: TestNoncoreSingleModValidation/single_unnamed (0.00s)
    --- FAIL: TestNoncoreSingleModValidation/single_missing_hard (0.00s)
    --- FAIL: TestNoncoreSingleModValidation/single_hard_self_cycle (0.00s)
    --- FAIL: TestNoncoreSingleModValidation/single_optional_self_cycle (0.00s)
    --- PASS: TestNoncoreSingleModValidation/missing_optional_allowed (0.00s)
    --- PASS: TestNoncoreSingleModValidation/external_hard_allowed (0.00s)
    --- PASS: TestNoncoreSingleModValidation/pair_missing_hard_rejected (0.00s)
=== RUN   TestNoncoreSingleModExecuteFailsBeforeInit
=== RUN   TestNoncoreSingleModExecuteFailsBeforeInit/shared
2026/10/03 22:18:26 WARN default config file not found, using development defaults path=configs/service/config.game.yaml err="open configs/service/config.game.yaml: The system cannot find the path specified."
time=2026-10-03T22:18:26.9693019+08:00 level=INFO goId=21 frame=0 server_time_ms=1791037106969 msg="starting server" name=roost-test version=0.0.0 type=game sid=1000 config=configs/service/config.game.yaml
time=2026-10-03T22:18:26.9693019+08:00 level=INFO goId=21 frame=0 server_time_ms=1791037106969 msg="mod init" mod=consumer
time=2026-10-03T22:18:26.9693019+08:00 level=INFO goId=21 frame=0 server_time_ms=1791037106969 msg="mod start" mod=consumer
time=2026-10-03T22:18:26.9693019+08:00 level=INFO goId=21 frame=0 server_time_ms=1791037106969 msg="service init" service=game
time=2026-10-03T22:18:26.9693019+08:00 level=ERROR goId=21 frame=0 server_time_ms=1791037106969 msg="service exited with error" err="serve failed"
time=2026-10-03T22:18:26.9693019+08:00 level=INFO goId=21 frame=0 server_time_ms=1791037106969 msg="service shutdown" service=game
time=2026-10-03T22:18:26.9693019+08:00 level=INFO goId=21 frame=0 server_time_ms=1791037106969 msg="mod stop" mod=consumer budget=30s
time=2026-10-03T22:18:26.9693019+08:00 level=INFO goId=21 frame=0 server_time_ms=1791037106969 msg="mod stopped" mod=consumer duration=0s
time=2026-10-03T22:18:26.9693019+08:00 level=INFO goId=21 frame=0 server_time_ms=1791037106969 msg="server stopped" type=game
Error: serve failed
Usage:
  roost-test game [flags]

Flags:
  -h, --help   help for game

Global Flags:
  -c, --config string   config file path; empty uses configs/service/config.<service>.yaml
      --sid int         server id (default 1000)

    noncore_review_test.go:59: scope=shared initialized=true error=serve failed
    noncore_review_test.go:61: invalid dependency graph reached Init: initialized=true err=serve failed
=== RUN   TestNoncoreSingleModExecuteFailsBeforeInit/service
time=2026-10-03T22:18:26.9903834+08:00 level=WARN goId=26 frame=0 server_time_ms=1791037106990 msg="default config file not found, using development defaults" path=configs/service/config.game.yaml err="open configs/service/config.game.yaml: The system cannot find the path specified."
time=2026-10-03T22:18:26.9903834+08:00 level=INFO goId=26 frame=0 server_time_ms=1791037106990 msg="starting server" name=roost-test version=0.0.0 type=game sid=1000 config=configs/service/config.game.yaml
time=2026-10-03T22:18:26.9903834+08:00 level=INFO goId=26 frame=0 server_time_ms=1791037106990 msg="mod init (service-specific)" mod=consumer
time=2026-10-03T22:18:26.9903834+08:00 level=INFO goId=26 frame=0 server_time_ms=1791037106990 msg="mod start (service-specific)" mod=consumer
time=2026-10-03T22:18:26.9903834+08:00 level=INFO goId=26 frame=0 server_time_ms=1791037106990 msg="service init" service=game
time=2026-10-03T22:18:26.9903834+08:00 level=ERROR goId=26 frame=0 server_time_ms=1791037106990 msg="service exited with error" err="serve failed"
time=2026-10-03T22:18:26.9903834+08:00 level=INFO goId=26 frame=0 server_time_ms=1791037106990 msg="service shutdown" service=game
time=2026-10-03T22:18:26.9903834+08:00 level=INFO goId=26 frame=0 server_time_ms=1791037106990 msg="mod stop (service-specific)" mod=consumer budget=30s
time=2026-10-03T22:18:26.9903834+08:00 level=INFO goId=26 frame=0 server_time_ms=1791037106990 msg="mod stopped" mod=consumer duration=0s
time=2026-10-03T22:18:26.9903834+08:00 level=INFO goId=26 frame=0 server_time_ms=1791037106990 msg="server stopped" type=game
Error: serve failed
Usage:
  roost-test game [flags]

Flags:
  -h, --help   help for game

Global Flags:
  -c, --config string   config file path; empty uses configs/service/config.<service>.yaml
      --sid int         server id (default 1000)

    noncore_review_test.go:59: scope=service initialized=true error=serve failed
    noncore_review_test.go:61: invalid dependency graph reached Init: initialized=true err=serve failed
--- FAIL: TestNoncoreSingleModExecuteFailsBeforeInit (0.08s)
    --- FAIL: TestNoncoreSingleModExecuteFailsBeforeInit/shared (0.06s)
    --- FAIL: TestNoncoreSingleModExecuteFailsBeforeInit/service (0.02s)
FAIL
FAIL	github.com/tjbdwanghaibo/roost-core/app	0.952s
=== RUN   TestNoncoreClientDeadlines
=== RUN   TestNoncoreClientDeadlines/base
    noncore_review_test.go:59: requested=300ms transport_deadline_remaining=300ms
=== RUN   TestNoncoreClientDeadlines/clone_inherit
    noncore_review_test.go:59: requested=300ms transport_deadline_remaining=300ms
=== RUN   TestNoncoreClientDeadlines/new_short_timeout
    noncore_review_test.go:59: requested=20ms transport_deadline_remaining=20ms
=== RUN   TestNoncoreClientDeadlines/clone_short_timeout
    noncore_review_test.go:59: requested=20ms transport_deadline_remaining=300ms
    noncore_review_test.go:61: transport deadline=300ms, want approximately 20ms
--- FAIL: TestNoncoreClientDeadlines (0.00s)
    --- PASS: TestNoncoreClientDeadlines/base (0.00s)
    --- PASS: TestNoncoreClientDeadlines/clone_inherit (0.00s)
    --- PASS: TestNoncoreClientDeadlines/new_short_timeout (0.00s)
    --- FAIL: TestNoncoreClientDeadlines/clone_short_timeout (0.00s)
=== RUN   TestNoncoreCloneHeaderIsolation
--- PASS: TestNoncoreCloneHeaderIsolation (0.00s)
=== RUN   TestNoncoreStatusErrorClassification
=== RUN   TestNoncoreStatusErrorClassification/success
    noncore_review_test.go:119: http_status=200 error_type=<nil> classified_status=false
=== RUN   TestNoncoreStatusErrorClassification/plaintext_503
    noncore_review_test.go:119: http_status=503 error_type=*json.SyntaxError classified_status=false
    noncore_review_test.go:121: error=invalid character 'u' looking for beginning of value (*json.SyntaxError), StatusError=false, want true
=== RUN   TestNoncoreStatusErrorClassification/incompatible_json_401
    noncore_review_test.go:119: http_status=401 error_type=*json.UnmarshalTypeError classified_status=false
    noncore_review_test.go:121: error=json: cannot unmarshal number into Go struct field .message of type string (*json.UnmarshalTypeError), StatusError=false, want true
=== RUN   TestNoncoreStatusErrorClassification/compatible_json_502
    noncore_review_test.go:119: http_status=502 error_type=*httpclient.StatusError classified_status=true
=== RUN   TestNoncoreStatusErrorClassification/plaintext_503_without_out
    noncore_review_test.go:119: http_status=503 error_type=*httpclient.StatusError classified_status=true
=== RUN   TestNoncoreStatusErrorClassification/bad_json_success
    noncore_review_test.go:119: http_status=200 error_type=*json.SyntaxError classified_status=false
--- FAIL: TestNoncoreStatusErrorClassification (0.01s)
    --- PASS: TestNoncoreStatusErrorClassification/success (0.01s)
    --- FAIL: TestNoncoreStatusErrorClassification/plaintext_503 (0.00s)
    --- FAIL: TestNoncoreStatusErrorClassification/incompatible_json_401 (0.00s)
    --- PASS: TestNoncoreStatusErrorClassification/compatible_json_502 (0.00s)
    --- PASS: TestNoncoreStatusErrorClassification/plaintext_503_without_out (0.00s)
    --- PASS: TestNoncoreStatusErrorClassification/bad_json_success (0.00s)
FAIL
FAIL	github.com/tjbdwanghaibo/roost-core/httpclient	1.314s
=== RUN   TestNoncoreJSONRequestBoundary
=== RUN   TestNoncoreJSONRequestBoundary/valid
    noncore_review_test.go:34: status=200 business_calls=1 response="1\n"
=== RUN   TestNoncoreJSONRequestBoundary/trailing_whitespace
    noncore_review_test.go:34: status=200 business_calls=1 response="1\n"
=== RUN   TestNoncoreJSONRequestBoundary/trailing_garbage
    noncore_review_test.go:34: status=200 business_calls=1 response="1\n"
    noncore_review_test.go:36: status=200 calls=1, want status=400 calls=0
=== RUN   TestNoncoreJSONRequestBoundary/second_json_value
    noncore_review_test.go:34: status=200 business_calls=1 response="1\n"
    noncore_review_test.go:36: status=200 calls=1, want status=400 calls=0
=== RUN   TestNoncoreJSONRequestBoundary/invalid_prefix
    noncore_review_test.go:34: status=400 business_calls=0 response="{\"error\":\"decode request\",\"ok\":false}\n"
=== RUN   TestNoncoreJSONRequestBoundary/oversize
    noncore_review_test.go:34: status=413 business_calls=0 response="{\"error\":\"request body too large\",\"ok\":false}\n"
=== RUN   TestNoncoreJSONRequestBoundary/empty_current_contract
    noncore_review_test.go:34: status=200 business_calls=1 response="0\n"
--- FAIL: TestNoncoreJSONRequestBoundary (0.00s)
    --- PASS: TestNoncoreJSONRequestBoundary/valid (0.00s)
    --- PASS: TestNoncoreJSONRequestBoundary/trailing_whitespace (0.00s)
    --- FAIL: TestNoncoreJSONRequestBoundary/trailing_garbage (0.00s)
    --- FAIL: TestNoncoreJSONRequestBoundary/second_json_value (0.00s)
    --- PASS: TestNoncoreJSONRequestBoundary/invalid_prefix (0.00s)
    --- PASS: TestNoncoreJSONRequestBoundary/oversize (0.00s)
    --- PASS: TestNoncoreJSONRequestBoundary/empty_current_contract (0.00s)
FAIL
FAIL	github.com/tjbdwanghaibo/roost-core/httpserver	0.510s
FAIL
