=== RUN   TestSingleModValidation
=== RUN   TestSingleModValidation/empty
    mod_validation_promises_test.go:33: mods=0 error=<nil>
=== RUN   TestSingleModValidation/valid_single
    mod_validation_promises_test.go:33: mods=1 error=<nil>
=== RUN   TestSingleModValidation/single_nil
    mod_validation_promises_test.go:33: mods=1 error=<nil>
    mod_validation_promises_test.go:35: error=<nil>, wantError=true
=== RUN   TestSingleModValidation/single_unnamed
    mod_validation_promises_test.go:33: mods=1 error=<nil>
    mod_validation_promises_test.go:35: error=<nil>, wantError=true
=== RUN   TestSingleModValidation/single_missing_hard
    mod_validation_promises_test.go:33: mods=1 error=<nil>
    mod_validation_promises_test.go:35: error=<nil>, wantError=true
=== RUN   TestSingleModValidation/single_hard_self_cycle
    mod_validation_promises_test.go:33: mods=1 error=<nil>
    mod_validation_promises_test.go:35: error=<nil>, wantError=true
=== RUN   TestSingleModValidation/single_optional_self_cycle
    mod_validation_promises_test.go:33: mods=1 error=<nil>
    mod_validation_promises_test.go:35: error=<nil>, wantError=true
=== RUN   TestSingleModValidation/missing_optional_allowed
    mod_validation_promises_test.go:33: mods=1 error=<nil>
=== RUN   TestSingleModValidation/external_hard_allowed
    mod_validation_promises_test.go:33: mods=1 error=<nil>
=== RUN   TestSingleModValidation/pair_missing_hard_rejected
    mod_validation_promises_test.go:33: mods=2 error=mod a depends on missing: unknown mod dependency "missing"
--- FAIL: TestSingleModValidation (0.00s)
    --- PASS: TestSingleModValidation/empty (0.00s)
    --- PASS: TestSingleModValidation/valid_single (0.00s)
    --- FAIL: TestSingleModValidation/single_nil (0.00s)
    --- FAIL: TestSingleModValidation/single_unnamed (0.00s)
    --- FAIL: TestSingleModValidation/single_missing_hard (0.00s)
    --- FAIL: TestSingleModValidation/single_hard_self_cycle (0.00s)
    --- FAIL: TestSingleModValidation/single_optional_self_cycle (0.00s)
    --- PASS: TestSingleModValidation/missing_optional_allowed (0.00s)
    --- PASS: TestSingleModValidation/external_hard_allowed (0.00s)
    --- PASS: TestSingleModValidation/pair_missing_hard_rejected (0.00s)
=== RUN   TestSingleModExecuteFailsBeforeInit
=== RUN   TestSingleModExecuteFailsBeforeInit/shared
2026/10/04 06:57:00 WARN default config file not found, using development defaults path=configs/service/config.game.yaml err="open configs/service/config.game.yaml: The system cannot find the path specified."
time=2026-10-04T06:57:00.5754339+08:00 level=INFO goId=21 frame=0 server_time_ms=1791068220575 msg="starting server" name=roost-test version=0.0.0 type=game sid=1000 config=configs/service/config.game.yaml
time=2026-10-04T06:57:00.5754339+08:00 level=INFO goId=21 frame=0 server_time_ms=1791068220575 msg="mod init" mod=consumer
time=2026-10-04T06:57:00.5754339+08:00 level=INFO goId=21 frame=0 server_time_ms=1791068220575 msg="mod start" mod=consumer
time=2026-10-04T06:57:00.5754339+08:00 level=INFO goId=21 frame=0 server_time_ms=1791068220575 msg="service init" service=game
time=2026-10-04T06:57:00.5754339+08:00 level=ERROR goId=21 frame=0 server_time_ms=1791068220575 msg="service exited with error" err="serve failed"
time=2026-10-04T06:57:00.5754339+08:00 level=INFO goId=21 frame=0 server_time_ms=1791068220575 msg="service shutdown" service=game
time=2026-10-04T06:57:00.5754339+08:00 level=INFO goId=21 frame=0 server_time_ms=1791068220575 msg="mod stop" mod=consumer budget=30s
time=2026-10-04T06:57:00.5754339+08:00 level=INFO goId=21 frame=0 server_time_ms=1791068220575 msg="mod stopped" mod=consumer duration=0s
time=2026-10-04T06:57:00.5754339+08:00 level=INFO goId=21 frame=0 server_time_ms=1791068220575 msg="server stopped" type=game
Error: serve failed
Usage:
  roost-test game [flags]

Flags:
  -h, --help   help for game

Global Flags:
  -c, --config string   config file path; empty uses configs/service/config.<service>.yaml
      --sid int         server id (default 1000)

    mod_validation_promises_test.go:62: scope=shared initialized=true error=serve failed
    mod_validation_promises_test.go:64: invalid dependency graph reached Init: initialized=true err=serve failed
=== RUN   TestSingleModExecuteFailsBeforeInit/service
time=2026-10-04T06:57:00.5954594+08:00 level=WARN goId=26 frame=0 server_time_ms=1791068220595 msg="default config file not found, using development defaults" path=configs/service/config.game.yaml err="open configs/service/config.game.yaml: The system cannot find the path specified."
time=2026-10-04T06:57:00.5954594+08:00 level=INFO goId=26 frame=0 server_time_ms=1791068220595 msg="starting server" name=roost-test version=0.0.0 type=game sid=1000 config=configs/service/config.game.yaml
time=2026-10-04T06:57:00.5954594+08:00 level=INFO goId=26 frame=0 server_time_ms=1791068220595 msg="mod init (service-specific)" mod=consumer
time=2026-10-04T06:57:00.5954594+08:00 level=INFO goId=26 frame=0 server_time_ms=1791068220595 msg="mod start (service-specific)" mod=consumer
time=2026-10-04T06:57:00.5954594+08:00 level=INFO goId=26 frame=0 server_time_ms=1791068220595 msg="service init" service=game
time=2026-10-04T06:57:00.5954594+08:00 level=ERROR goId=26 frame=0 server_time_ms=1791068220595 msg="service exited with error" err="serve failed"
time=2026-10-04T06:57:00.5954594+08:00 level=INFO goId=26 frame=0 server_time_ms=1791068220595 msg="service shutdown" service=game
time=2026-10-04T06:57:00.5954594+08:00 level=INFO goId=26 frame=0 server_time_ms=1791068220595 msg="mod stop (service-specific)" mod=consumer budget=30s
time=2026-10-04T06:57:00.5954594+08:00 level=INFO goId=26 frame=0 server_time_ms=1791068220595 msg="mod stopped" mod=consumer duration=0s
time=2026-10-04T06:57:00.5954594+08:00 level=INFO goId=26 frame=0 server_time_ms=1791068220595 msg="server stopped" type=game
Error: serve failed
Usage:
  roost-test game [flags]

Flags:
  -h, --help   help for game

Global Flags:
  -c, --config string   config file path; empty uses configs/service/config.<service>.yaml
      --sid int         server id (default 1000)

    mod_validation_promises_test.go:62: scope=service initialized=true error=serve failed
    mod_validation_promises_test.go:64: invalid dependency graph reached Init: initialized=true err=serve failed
--- FAIL: TestSingleModExecuteFailsBeforeInit (0.09s)
    --- FAIL: TestSingleModExecuteFailsBeforeInit/shared (0.07s)
    --- FAIL: TestSingleModExecuteFailsBeforeInit/service (0.02s)
FAIL
FAIL	github.com/tjbdwanghaibo/roost-core/app	1.239s
=== RUN   TestClientDeadlines
=== RUN   TestClientDeadlines/base
    client_boundaries_promises_test.go:62: requested=300ms transport_deadline_remaining=299.464ms
=== RUN   TestClientDeadlines/clone_inherit
    client_boundaries_promises_test.go:62: requested=300ms transport_deadline_remaining=300ms
=== RUN   TestClientDeadlines/new_short_timeout
    client_boundaries_promises_test.go:62: requested=20ms transport_deadline_remaining=20ms
=== RUN   TestClientDeadlines/clone_short_timeout
    client_boundaries_promises_test.go:62: requested=20ms transport_deadline_remaining=300ms
    client_boundaries_promises_test.go:64: transport deadline=300ms, want approximately 20ms
--- FAIL: TestClientDeadlines (0.00s)
    --- PASS: TestClientDeadlines/base (0.00s)
    --- PASS: TestClientDeadlines/clone_inherit (0.00s)
    --- PASS: TestClientDeadlines/new_short_timeout (0.00s)
    --- FAIL: TestClientDeadlines/clone_short_timeout (0.00s)
=== RUN   TestCloneHeaderIsolation
--- PASS: TestCloneHeaderIsolation (0.00s)
=== RUN   TestStatusErrorClassification
=== RUN   TestStatusErrorClassification/success
    client_boundaries_promises_test.go:122: http_status=200 error_type=<nil> classified_status=false
=== RUN   TestStatusErrorClassification/plaintext_503
    client_boundaries_promises_test.go:122: http_status=503 error_type=*json.SyntaxError classified_status=false
    client_boundaries_promises_test.go:124: error=invalid character 'u' looking for beginning of value (*json.SyntaxError), StatusError=false, want true
=== RUN   TestStatusErrorClassification/incompatible_json_401
    client_boundaries_promises_test.go:122: http_status=401 error_type=*json.UnmarshalTypeError classified_status=false
    client_boundaries_promises_test.go:124: error=json: cannot unmarshal number into Go struct field .message of type string (*json.UnmarshalTypeError), StatusError=false, want true
=== RUN   TestStatusErrorClassification/compatible_json_502
    client_boundaries_promises_test.go:122: http_status=502 error_type=*httpclient.StatusError classified_status=true
=== RUN   TestStatusErrorClassification/plaintext_503_without_out
    client_boundaries_promises_test.go:122: http_status=503 error_type=*httpclient.StatusError classified_status=true
=== RUN   TestStatusErrorClassification/bad_json_success
    client_boundaries_promises_test.go:122: http_status=200 error_type=*json.SyntaxError classified_status=false
--- FAIL: TestStatusErrorClassification (0.01s)
    --- PASS: TestStatusErrorClassification/success (0.01s)
    --- FAIL: TestStatusErrorClassification/plaintext_503 (0.00s)
    --- FAIL: TestStatusErrorClassification/incompatible_json_401 (0.00s)
    --- PASS: TestStatusErrorClassification/compatible_json_502 (0.00s)
    --- PASS: TestStatusErrorClassification/plaintext_503_without_out (0.00s)
    --- PASS: TestStatusErrorClassification/bad_json_success (0.00s)
FAIL
FAIL	github.com/tjbdwanghaibo/roost-core/httpclient	1.604s
=== RUN   TestJSONRequestBoundary
=== RUN   TestJSONRequestBoundary/valid
    json_boundary_promises_test.go:37: status=200 business_calls=1 response="1\n"
=== RUN   TestJSONRequestBoundary/trailing_whitespace
    json_boundary_promises_test.go:37: status=200 business_calls=1 response="1\n"
=== RUN   TestJSONRequestBoundary/trailing_garbage
    json_boundary_promises_test.go:37: status=200 business_calls=1 response="1\n"
    json_boundary_promises_test.go:39: status=200 calls=1, want status=400 calls=0
=== RUN   TestJSONRequestBoundary/second_json_value
    json_boundary_promises_test.go:37: status=200 business_calls=1 response="1\n"
    json_boundary_promises_test.go:39: status=200 calls=1, want status=400 calls=0
=== RUN   TestJSONRequestBoundary/invalid_prefix
    json_boundary_promises_test.go:37: status=400 business_calls=0 response="{\"error\":\"decode request\",\"ok\":false}\n"
=== RUN   TestJSONRequestBoundary/oversize
    json_boundary_promises_test.go:37: status=413 business_calls=0 response="{\"error\":\"request body too large\",\"ok\":false}\n"
=== RUN   TestJSONRequestBoundary/empty_current_contract
    json_boundary_promises_test.go:37: status=200 business_calls=1 response="0\n"
--- FAIL: TestJSONRequestBoundary (0.00s)
    --- PASS: TestJSONRequestBoundary/valid (0.00s)
    --- PASS: TestJSONRequestBoundary/trailing_whitespace (0.00s)
    --- FAIL: TestJSONRequestBoundary/trailing_garbage (0.00s)
    --- FAIL: TestJSONRequestBoundary/second_json_value (0.00s)
    --- PASS: TestJSONRequestBoundary/invalid_prefix (0.00s)
    --- PASS: TestJSONRequestBoundary/oversize (0.00s)
    --- PASS: TestJSONRequestBoundary/empty_current_contract (0.00s)
FAIL
FAIL	github.com/tjbdwanghaibo/roost-core/httpserver	0.855s
FAIL
